{"type":"server-started","port":51692,"host":"127.0.0.1","url_host":"localhost","url":"http://localhost:51692","screen_dir":"/Users/xiang.li/workspace/SeeleFelix.github.io/.superpowers/brainstorm/35881-1778821416/content","state_dir":"/Users/xiang.li/workspace/SeeleFelix.github.io/.superpowers/brainstorm/35881-1778821416/state"}
{"type":"screen-added","file":"/Users/xiang.li/workspace/SeeleFelix.github.io/.superpowers/brainstorm/35881-1778821416/content/analysis-v1.html"}
{"source":"user-event","type":"click","text":"2\n    \n      颜色/连线质量问题\n      配色不协调，连线模糊","choice":"color","id":null,"timestamp":1778821736156}
{"source":"user-event","type":"click","text":"1\n    \n      视觉元素过载\n      画面太拥挤，东西太多","choice":"overload","id":null,"timestamp":1778821736555}
{"source":"user-event","type":"click","text":"2\n    \n      颜色/连线质量问题\n      配色不协调，连线模糊","choice":"color","id":null,"timestamp":1778821737122}
{"source":"user-event","type":"click","text":"1\n    \n      视觉元素过载\n      画面太拥挤，东西太多","choice":"overload","id":null,"timestamp":1778821737581}
{"source":"user-event","type":"click","text":"1\n    \n      视觉元素过载\n      画面太拥挤，东西太多","choice":"overload","id":null,"timestamp":1778821738145}
{"source":"user-event","type":"click","text":"2\n    \n      颜色/连线质量问题\n      配色不协调，连线模糊","choice":"color","id":null,"timestamp":1778821739288}
{"source":"user-event","type":"click","text":"1\n    \n      视觉元素过载\n      画面太拥挤，东西太多","choice":"overload","id":null,"timestamp":1778821741225}
{"source":"user-event","type":"click","text":"2\n    \n      颜色/连线质量问题\n      配色不协调，连线模糊","choice":"color","id":null,"timestamp":1778821741658}
{"source":"user-event","type":"click","text":"1\n    \n      视觉元素过载\n      画面太拥挤，东西太多","choice":"overload","id":null,"timestamp":1778821742512}
{"source":"user-event","type":"click","text":"2\n    \n      颜色/连线质量问题\n      配色不协调，连线模糊","choice":"color","id":null,"timestamp":1778821742906}
{"source":"user-event","type":"click","text":"1\n    \n      视觉元素过载\n      画面太拥挤，东西太多","choice":"overload","id":null,"timestamp":1778821743892}
{"source":"user-event","type":"click","text":"2\n    \n      颜色/连线质量问题\n      配色不协调，连线模糊","choice":"color","id":null,"timestamp":1778821744313}
{"source":"user-event","type":"click","text":"2\n    \n      颜色/连线质量问题\n      配色不协调，连线模糊","choice":"color","id":null,"timestamp":1778821794519}
{"source":"user-event","type":"click","text":"4\n    \n      缺乏视觉层级\n      不知道看哪里，没焦点","choice":"hierarchy","id":null,"timestamp":1778822331045}
{"source":"user-event","type":"click","text":"3\n    \n      动画节奏问题\n      闪烁节奏不和谐","choice":"rhythm","id":null,"timestamp":1778822331634}
{"source":"user-event","type":"click","text":"5\n    \n      空间深度不足\n      星空缺乏立体感和沉浸感","choice":"depth","id":null,"timestamp":1778822332633}
{"type":"screen-added","file":"/Users/xiang.li/workspace/SeeleFelix.github.io/.superpowers/brainstorm/35881-1778821416/content/root-cause-analysis.html"}
{"source":"user-event","type":"click","text":"A\n    \n      先解决\"两套引擎\"问题\n      统一 Living Space 和 Void Chat 的渲染系统，消除代码重复，确保视觉一致","choice":"dual-engine","id":null,"timestamp":1778823511978}
{"source":"user-event","type":"click","text":"B\n    \n      先建立 Canvas 设计系统\n      建立中心化的主题系统，让所有 Canvas 渲染从同一个颜色/参数源取值","choice":"design-system","id":null,"timestamp":1778823512476}
{"source":"user-event","type":"click","text":"C\n    \n      先重构动画叙事\n      设计有时间线的、有引导性的动画编排，让动效为叙事服务","choice":"animation-narrative","id":null,"timestamp":1778823514186}
{"type":"screen-added","file":"/Users/xiang.li/workspace/SeeleFelix.github.io/.superpowers/brainstorm/35881-1778821416/content/approaches.html"}
{"source":"user-event","type":"click","text":"C. 全面重设计 激进\n      范围：从零设计视觉语言，重建渲染管线，引入视觉层级和叙事动画系统\n      \n        先写 Visual Design Spec（配色、层级、动效曲线、排版）\n        新建统一的 CanvasRenderer 类，替代所有现有渲染代码\n        设计 AnimationTimeline 系统（阶段式而非循环式）\n        引入视觉层级：主要星体→次要星体→背景星→装饰\n        两页通过同一渲染器实例的不同配置驱动\n      \n      \n        Pros最好的长期效果可以追求专业级视觉质量设计意图和代码结构完全对齐\n        Cons工期长（1-2 周）可能丢失项目当前的\"手感\"过度工程化的风险当前代码量大，全量替换风险高","choice":"approach-c","id":null,"timestamp":1778824261035}
{"type":"screen-added","file":"/Users/xiang.li/workspace/SeeleFelix.github.io/.superpowers/brainstorm/35881-1778821416/content/design-part1.html"}
{"source":"user-event","type":"click","text":"△\n    \n      方向对，但需要调整\n      基本认可但有具体的修改意见","choice":"revise","id":null,"timestamp":1778824654333}
{"type":"screen-added","file":"/Users/xiang.li/workspace/SeeleFelix.github.io/.superpowers/brainstorm/35881-1778821416/content/design-part2.html"}
{"source":"user-event","type":"click","text":"✓\n    \n      架构OK，继续\n      模块划分合理，渐进策略可行","choice":"good","id":null,"timestamp":1778824925348}
{"type":"screen-added","file":"/Users/xiang.li/workspace/SeeleFelix.github.io/.superpowers/brainstorm/35881-1778821416/content/spec-review.html"}
{"source":"user-event","type":"click","text":"✓\n    \n      设计文档 OK，进入实现\n      Spec 内容无误，可以开始写实现计划","choice":"approved","id":null,"timestamp":1778826300253}
{"type":"server-stopped","reason":"idle timeout"}
